// Jest Snapshot v1, https://goo.gl/fbAQLP

exports[`Articles [GET] /articles/:id should return a article 1`] = `
Object {
  "alternativeTitle": null,
  "author": Object {
    "createdAt": "2019-02-10T00:00:00.000Z",
    "emailAddress": "me@mogusbi.co.uk",
    "forename": "Mo",
    "id": "f07a1ccb-f3bf-4ac8-beab-c740668674c4",
    "surname": "Gusbi",
    "updatedAt": "2019-02-10T00:00:00.000Z",
  },
  "content": "Lorem ipsum dolor sit amet, consectetur adipiscing elit. Nulla fringilla venenatis urna ut fringilla.",
  "createdAt": "2019-02-08T00:00:00.000Z",
  "id": "38015b30-9194-4957-a3eb-00829c4d52c7",
  "media": Object {
    "copyright": null,
    "createdAt": "2019-02-09T00:00:00.000Z",
    "description": "Image 11",
    "id": "f5ed1aa8-313c-4afd-9978-f47d81b7d23c",
    "source": Array [
      Object {
        "id": "00117b67-e296-47ac-8676-27a519de373d",
        "name": "thumbnail",
        "path": "https://via.placeholder.com/480x380/555/FFF?text=Placeholder",
      },
      Object {
        "id": "dac73a4e-6fb6-4daa-8cb2-0b0b1b9ecb10",
        "name": "main",
        "path": "https://via.placeholder.com/1200x630/555/FFF?text=Placeholder",
      },
    ],
    "updatedAt": "2019-02-09T00:00:00.000Z",
  },
  "publishDate": "2019-02-08T00:00:00.000Z",
  "slug": "2019/2/8/second-article-that-has-been-created",
  "teaser": null,
  "title": "Second article that has been created",
  "updatedAt": "2019-02-08T00:00:00.000Z",
}
`;

exports[`Articles [GET] /articles/:id should return a bad request if filtered field does not exist 1`] = `
Object {
  "error": "Bad Request",
  "message": "ER_BAD_FIELD_ERROR: Unknown column 'article.name' in 'field list'",
  "statusCode": 400,
}
`;

exports[`Articles [GET] /articles/:id should return a filtered result 1`] = `
Object {
  "content": "Lorem ipsum dolor sit amet, consectetur adipiscing elit. Nulla fringilla venenatis urna ut fringilla.",
  "title": "Second article that has been created",
}
`;

exports[`Articles [GET] /articles/:id should return not found if competition does not exist 1`] = `
Object {
  "error": "Not Found",
  "statusCode": 404,
}
`;
